ciao   a  tutti veramente       speriamo    non
sono         il fortissimo ciao esploda   tutto
capobastone     a tutti.        quanto.        
come  va  spero                                
tutto  bene, io questa  e'  una ciao   a  tutti
sto  molto bene prova        di sono         il
mi        sento paragrafo,      capobastone    

%%%

come  va  spero                
tutto  bene, io questo  e'  una
sto  molto bene prova        di
mi        sento paragrafo,     
veramente       speriamo    non
fortissimo ciao esploda   tutto
a tutti quanti. qua nto.
