come         il     UTF-8,        e     originale,     
progrmma  Ã¨  in     mantiene     la     inserendo   tra
grado        di     separazione  in     questi una riga
gestire             paragrafi   del     vuota        di
caratteri           testo               separazione. :)
