Come   si   può     perfettamente       specificati    
vedere              incolonnato   e     dall'utente:   
all'interno  di     giustificato        infatti     per
questo esempio,     secondo       i     produrre questo
il  testo viene     parametri           output  è stato

%%%

scelto       di     caratteri   per     l'altra        
utilizzare    3     riga         di     all'interno  di
colonne     per     colonna,   e  5     una pagina.    
pagina, 5 righe     caratteri   tra                    
per colonna, 15     una  colonna  e     Si noti inoltre

%%%

come         il     UTF-8,        e     originale,     
progrmma  è  in     mantiene     la     inserendo   tra
grado        di     separazione  in     questi una riga
gestire             paragrafi   del     vuota        di
caratteri           testo               separazione. :)
