Lorem  ipsum   dolor          ullamcorper,                  hendrerit  dui   sed
sit            amet,          accumsan     dapibus          maximus    suscipit.
consectetur                   justo.  Donec   elit          Praesent   tristique
adipiscing     elit.          libero,  ullamcorper          quam erat, eu mollis
Quisque      euismod          id   interdum    et,          ante  malesuada   a.
mauris ac  malesuada          porttitor non metus.          Phasellus     rutrum
sagittis.      Morbi          In ultrices non arcu          tempus  lorem,   vel
imperdiet                     tincidunt                     vulputate       ante
ullamcorper  tortor,          scelerisque.   Morbi          lobortis   in.   Nam
eget   varius    sem          at lectus quis  nunc          lacinia   ut    arcu
ultrices   a.    Nam          faucibus  mattis  id          vitae suscipit.     
molestie   dignissim          et  ex.  Ut  viverra                              
lectus,  et  dapibus          nunc arcu, at mollis          Mauris      volutpat
nunc  tristique  in.          orci ultricies  non.          purus placerat lacus
Sed    eget    neque          Etiam tempor euismod          vestibulum, sit amet
egestas,     aliquam          neque           eget          bibendum        arcu
lacus  non,  rhoncus          imperdiet.     Fusce          tincidunt.     Fusce
ex.      Suspendisse          faucibus sem  velit,          volutpat orci in  ex
metus orci,  gravida          at pellentesque odio          suscipit    euismod.
eget         gravida          sagittis  vel.  Duis          Donec    mi    nibh,

%%%

blandit vitae ligula          varius,          nec
non,          cursus          sollicitudin  ligula
fermentum     dolor.          pulvinar.  Curabitur
Mauris   sit    amet          bibendum  arcu  quis
venenatis      nisi.          erat tincidunt,  sed
Curabitur quis dolor          tempus ex  placerat.
at metus consectetur          Donec ornare, tellus
congue.   Ut   velit          pulvinar            
nunc,  ultrices  sed          pellentesque        
convallis        eu,          elementum, arcu ante
posuere   a    arcu.          pharetra  metus,  ut
Vivamus    tristique          malesuada metus nibh
finibus      sapien,          ut   orci.    Aenean
vitae  lacinia  ante          pulvinar nisi  arcu,
dapibus        eget.          a pharetra mi ornare
Praesent      libero          nec.                
nisl, efficitur  vel
ex in, semper tempor
erat.        Aliquam
pharetra mi nec nisi
