Lorem ipsum dolor sit          ante   malesuada   a.          pulvinar pellentesque
amet,     consectetur          Phasellus      rutrum          elementum,  arcu ante
adipiscing      elit.          tempus   lorem,   vel          pharetra   metus,  ut
Quisque       euismod          vulputate        ante          malesuada  metus nibh
mauris  ac  malesuada          lobortis    in.   Nam          ut    orci.    Aenean
sagittis.       Morbi          lacinia ut arcu vitae          pulvinar nisi arcu, a
imperdiet ullamcorper          suscipit.xxxxxxxxxxxx          pharetra   mi  ornare
tortor,  eget  varius                                         nec.                 
sem  ultrices  a. Nam          Mauris volutpat purus                               
molestie    dignissim          placerat        lacus          Lorem ipsum dolor sit
lectus,   et  dapibus          vestibulum,  sit amet          amet,     consectetur
nunc   tristique  in.          bibendum         arcu          adipiscing      elit.
Sed     eget    neque          tincidunt.      Fusce          Quisque       euismod
egestas,      aliquam          volutpat  orci  in ex          mauris  ac  malesuada
lacus   non,  rhoncus          suscipit     euismod.          sagittis.       Morbi
ex. Suspendisse metus          Donec     mi    nibh,          imperdiet ullamcorper
orci,   gravida  eget          blandit  vitae ligula          tortor,  eget  varius
gravida  ullamcorper,          non, cursus fermentum          sem  ultrices  a. Nam
accumsan      dapibus          dolor.   Mauris   sit          molestie    dignissim
justo.   Donec   elit          amet  venenatis nisi.          lectus,   et  dapibus
libero,   ullamcorper          Curabitur  quis dolor          nunc   tristique  in.
id    interdum    et,          at  metus consectetur          Sed     eget    neque
porttitor  non metus.          congue.    Ut   velit          egestas,      aliquam
In  ultrices non arcu          nunc,   ultrices  sed          lacus   non,  rhoncus
tincidunt                      convallis eu, posuere          ex. Suspendisse metus
scelerisque. Morbi at          a    arcu.    Vivamus          orci,   gravida  eget
lectus    quis   nunc          tristique     finibus          gravida  ullamcorper,
faucibus mattis id et          sapien, vitae lacinia          accumsan      dapibus
ex.  Ut  viverra nunc          ante   dapibus  eget.          justo.   Donec   elit
arcu,  at mollis orci          Praesent libero nisl,          libero,   ullamcorper
ultricies  non. Etiam          efficitur  vel ex in,          id    interdum    et,
tempor  euismod neque          semper  tempor  erat.          porttitor  non metus.
eget imperdiet. Fusce          Aliquam  pharetra  mi          In  ultrices non arcu
faucibus  sem  velit,          nec  nisi varius, nec          tincidunt            
at  pellentesque odio          sollicitudin   ligula          scelerisque. Morbi at
sagittis   vel.  Duis          pulvinar.   Curabitur          lectus    quis   nunc
hendrerit   dui   sed          bibendum   arcu  quis          faucibus mattis id et
maximus     suscipit.          erat  tincidunt,  sed          ex.  Ut  viverra nunc
Praesent    tristique          tempus  ex  placerat.          arcu,  at mollis orci
quam  erat, eu mollis          Donec  ornare, tellus          ultricies  non. Etiam

%%%

tempor  euismod neque          semper  tempor  erat.
eget imperdiet. Fusce          Aliquam  pharetra  mi
faucibus  sem  velit,          nec  nisi varius, nec
at  pellentesque odio          sollicitudin   ligula
sagittis   vel.  Duis          pulvinar.            
hendrerit   dui   sed                               
maximus     suscipit.          Curabitur biben      
Praesent    tristique                               
quam  erat, eu mollis          dum  arcu  quis  erat
ante   malesuada   a.          tincidunt, sed tempus
Phasellus      rutrum          ex   placerat.  Donec
tempus   lorem,   vel          ornare,        tellus
vulputate        ante          pulvinar pellentesque
lobortis    in.   Nam          elementum,  arcu ante
lacinia ut arcu vitae          pharetra   metus,  ut
suscipit.                      malesuada  metus nibh
                               ut    orci.    Aenean
Mauris volutpat purus          pulvinar nisi arcu, a
placerat        lacus          pharetra   mi  ornare
vestibulum,  sit amet          necaaaaaaaaaaxornare.
bibendum         arcu
tincidunt.      Fusce
volutpat  orci  in ex
suscipit     euismod.
Donec     mi    nibh,
blandit  vitae ligula
non, cursus fermentum
dolor.   Mauris   sit
amet  venenatis nisi.
Curabitur  quis dolor
at  metus consectetur
congue.    Ut   velit
nunc,   ultrices  sed
convallis eu, posuere
a    arcu.    Vivamus
tristique     finibus
sapien, vitae lacinia
ante   dapibus  eget.
Praesent libero nisl,
efficitur  vel ex in,
