a x x b x  x  c  è
iaone  come   stae
aaaaaaaaaaaaa x  x
x  x  x  x   x   è
xxxxxxxx          
xxxxxxxxxx        
