x   x   x   x    x
xxxxxxxxx         
xxxxxxxxxxxxxx    
